// Jest Snapshot v1, https://goo.gl/fbAQLP

exports[`App matches snapshot 1`] = `
Object {
  "asFragment": [Function],
  "baseElement": <body>
    <div>
      <div
        class="d-flex flex-column tdd-fun-app"
      >
        <div
          class="d-flex justify-content-end p-2"
        >
          <button
            class="btn btn-warning"
          >
            Login
          </button>
        </div>
        <div
          class="container flex-grow-1 d-flex flex-column justify-content-center align-items-center"
        >
          <h1>
            Let's have some fun
          </h1>
          <p>
            Input text to translate it to master Yoda style
          </p>
          <div
            class="input-group"
          >
            <textarea
              aria-label="With textarea"
              class="form-control"
              placeholder="Enter text..."
            />
          </div>
          <div
            class="my-2"
          >
            <button
              class="btn btn-primary"
            >
              Translate
            </button>
          </div>
          <div
            class="input-group"
          >
            <textarea
              aria-label="With textarea"
              class="form-control"
              disabled=""
              placeholder="Translated text..."
            />
          </div>
        </div>
      </div>
    </div>
  </body>,
  "container": <div>
    <div
      class="d-flex flex-column tdd-fun-app"
    >
      <div
        class="d-flex justify-content-end p-2"
      >
        <button
          class="btn btn-warning"
        >
          Login
        </button>
      </div>
      <div
        class="container flex-grow-1 d-flex flex-column justify-content-center align-items-center"
      >
        <h1>
          Let's have some fun
        </h1>
        <p>
          Input text to translate it to master Yoda style
        </p>
        <div
          class="input-group"
        >
          <textarea
            aria-label="With textarea"
            class="form-control"
            placeholder="Enter text..."
          />
        </div>
        <div
          class="my-2"
        >
          <button
            class="btn btn-primary"
          >
            Translate
          </button>
        </div>
        <div
          class="input-group"
        >
          <textarea
            aria-label="With textarea"
            class="form-control"
            disabled=""
            placeholder="Translated text..."
          />
        </div>
      </div>
    </div>
  </div>,
  "debug": [Function],
  "findAllByAltText": [Function],
  "findAllByDisplayValue": [Function],
  "findAllByLabelText": [Function],
  "findAllByPlaceholderText": [Function],
  "findAllByRole": [Function],
  "findAllByTestId": [Function],
  "findAllByText": [Function],
  "findAllByTitle": [Function],
  "findByAltText": [Function],
  "findByDisplayValue": [Function],
  "findByLabelText": [Function],
  "findByPlaceholderText": [Function],
  "findByRole": [Function],
  "findByTestId": [Function],
  "findByText": [Function],
  "findByTitle": [Function],
  "getAllByAltText": [Function],
  "getAllByDisplayValue": [Function],
  "getAllByLabelText": [Function],
  "getAllByPlaceholderText": [Function],
  "getAllByRole": [Function],
  "getAllBySelectText": [Function],
  "getAllByTestId": [Function],
  "getAllByText": [Function],
  "getAllByTitle": [Function],
  "getAllByValue": [Function],
  "getByAltText": [Function],
  "getByDisplayValue": [Function],
  "getByLabelText": [Function],
  "getByPlaceholderText": [Function],
  "getByRole": [Function],
  "getBySelectText": [Function],
  "getByTestId": [Function],
  "getByText": [Function],
  "getByTitle": [Function],
  "getByValue": [Function],
  "queryAllByAltText": [Function],
  "queryAllByDisplayValue": [Function],
  "queryAllByLabelText": [Function],
  "queryAllByPlaceholderText": [Function],
  "queryAllByRole": [Function],
  "queryAllBySelectText": [Function],
  "queryAllByTestId": [Function],
  "queryAllByText": [Function],
  "queryAllByTitle": [Function],
  "queryAllByValue": [Function],
  "queryByAltText": [Function],
  "queryByDisplayValue": [Function],
  "queryByLabelText": [Function],
  "queryByPlaceholderText": [Function],
  "queryByRole": [Function],
  "queryBySelectText": [Function],
  "queryByTestId": [Function],
  "queryByText": [Function],
  "queryByTitle": [Function],
  "queryByValue": [Function],
  "rerender": [Function],
  "unmount": [Function],
}
`;
